
> signalforge-frontend@1.0.0 build
> vite build

[36mvite v5.4.21 [32mbuilding for production...[36m[39m
transforming...
[32mÔ£ô[39m 19 modules transformed.
node.exe : [31mx[39m 
Build failed in 459ms
Au caractère Ligne:1 : 1
+ & "C:\Program 
Files\nodejs/node.exe" 
"C:\Program 
Files\nodejs/node_mo ...
+ ~~~~~~~~~~~~~~~~~~~~~~~~
~~~~~~~~~~~~~~~~~~~~~~~~~~
~~~~~~~~~~~~~~~~~~~
    + CategoryInfo        
      : NotSpecified: (  
  [31mx[39m Build fail   
 ed in 459ms:String) [    
], RemoteException
    + FullyQualifiedError 
   Id : NativeCommandErr  
  or
 
[31merror during build:
[31m[vite:esbuild] 
Transform failed with 3 
errors:
C:/Users/Administrateur/Ba
cktesting/frontend/src/pag
es/Lab.jsx:253:9: ERROR: 
The symbol 
"AssetSelector" has 
already been declared
C:/Users/Administrateur/Ba
cktesting/frontend/src/pag
es/Lab.jsx:403:9: ERROR: 
The symbol 
"ConfigureStep" has 
already been declared
C:/Users/Administrateur/Ba
cktesting/frontend/src/pag
es/Lab.jsx:624:9: ERROR: 
The symbol "ResultsView" 
has already been 
declared[31m
file: [36mC:/Users/Admini
strateur/Backtesting/front
end/src/pages/Lab.jsx:253:
9[31m
[33m
[33mThe symbol 
"AssetSelector" has 
already been declared[33m
251|  
252|  /* ÔöÇÔöÇ Asset 
Selector ÔöÇÔöÇ */
253|  function 
AssetSelector({ 
searchQuery, onSearch, 
searchResults, onSelect, 
period, onPeriodChange, 
interval, 
onIntervalChange, 
dateMode, 
onDateModeChange, 
startDate, 
onStartDateChange, 
endDate, onEndDateChange, 
loading }) {
   |           ^
254|  
255|    const SCENARIOS = 
[

[33mThe symbol 
"ConfigureStep" has 
already been declared[33m
401|     ÔòÉÔòÉÔòÉÔòÉÔòÉÔò
ÉÔòÉÔòÉÔòÉÔòÉÔòÉÔòÉÔòÉÔòÉÔ
òÉÔòÉÔòÉÔòÉÔòÉÔòÉÔòÉÔòÉÔòÉ
ÔòÉÔòÉÔòÉÔòÉÔòÉÔòÉÔòÉÔòÉÔò
ÉÔòÉÔòÉÔòÉÔòÉÔòÉÔòÉÔòÉÔòÉÔ
òÉÔòÉÔòÉÔòÉÔòÉÔòÉÔòÉÔòÉÔòÉ
ÔòÉÔòÉÔòÉÔòÉÔòÉÔòÉÔòÉÔòÉÔò
ÉÔòÉÔòÉÔòÉÔòÉ */
402|  
403|  function 
ConfigureStep({ ticker, 
tickerName, dataQuality, 
marketData, strategies, 
selectedStrategy, 
onSelectStrategy, 
parameters, 
onParamChange, 
portfolioConfig, 
onPortfolioChange, onRun, 
loading }) {
   |           ^
404|    return (
405|      <div style={{ 
display: 'flex', 
flexDirection: 'column', 
gap: '1.5rem' }}>

[33mThe symbol 
"ResultsView" has already 
been declared[33m
622|     ÔòÉÔòÉÔòÉÔòÉÔòÉÔò
ÉÔòÉÔòÉÔòÉÔòÉÔòÉÔòÉÔòÉÔòÉÔ
òÉÔòÉÔòÉÔòÉÔòÉÔòÉÔòÉÔòÉÔòÉ
ÔòÉÔòÉÔòÉÔòÉÔòÉÔòÉÔòÉÔòÉÔò
ÉÔòÉÔòÉÔòÉÔòÉÔòÉÔòÉÔòÉÔòÉÔ
òÉÔòÉÔòÉÔòÉÔòÉÔòÉÔòÉÔòÉÔòÉ
ÔòÉÔòÉÔòÉÔòÉÔòÉÔòÉÔòÉÔòÉÔò
ÉÔòÉÔòÉÔòÉÔòÉ */
623|  
624|  function 
ResultsView({ result, 
activeTab, onTabChange, 
period, onPeriodChange, 
loading, ticker, 
strategyId, parameters, 
portfolioConfig }) {
   |           ^
625|    const periods = [
626|      { value: '1mo', 
label: '1M' },
[31m
    at 
failureErrorWithLog (C:\Us
ers\Administrateur\Backtes
ting\frontend\node_modules
\esbuild\lib\main.js:1472:
15)
    at C:\Users\Administra
teur\Backtesting\frontend\
node_modules\esbuild\lib\m
ain.js:755:50
    at responseCallbacks.<
computed> (C:\Users\Admini
strateur\Backtesting\front
end\node_modules\esbuild\l
ib\main.js:622:9)
    at 
handleIncomingPacket (C:\U
sers\Administrateur\Backte
sting\frontend\node_module
s\esbuild\lib\main.js:677:
12)
    at 
Socket.readFromStdout (C:\
Users\Administrateur\Backt
esting\frontend\node_modul
es\esbuild\lib\main.js:600
:7)
    at Socket.emit 
(node:events:519:28)
    at addChunk (node:inte
rnal/streams/readable:561:
12)
    at readableAddChunkPus
hByteMode (node:internal/s
treams/readable:512:3)
    at Readable.push (node
:internal/streams/readable
:392:5)
    at Pipe.onStreamRead (
node:internal/stream_base_
commons:189:23)[39m
